Archive member included to satisfy reference by file (symbol)

c:/st/stm32cubeide_1.10.1/stm32cubeide/plugins/com.st.stm32cube.ide.mcu.externaltools.gnu-tools-for-stm32.10.3-2021.10.win32_1.0.200.202301161003/tools/bin/../lib/gcc/arm-none-eabi/10.3.1/../../../../arm-none-eabi/lib/thumb/v6-m/nofp\libc_nano.a(lib_a-errno.o)
                              ./Core/Src/syscalls.o (__errno)
c:/st/stm32cubeide_1.10.1/stm32cubeide/plugins/com.st.stm32cube.ide.mcu.externaltools.gnu-tools-for-stm32.10.3-2021.10.win32_1.0.200.202301161003/tools/bin/../lib/gcc/arm-none-eabi/10.3.1/../../../../arm-none-eabi/lib/thumb/v6-m/nofp\libc_nano.a(lib_a-exit.o)
                              c:/st/stm32cubeide_1.10.1/stm32cubeide/plugins/com.st.stm32cube.ide.mcu.externaltools.gnu-tools-for-stm32.10.3-2021.10.win32_1.0.200.202301161003/tools/bin/../lib/gcc/arm-none-eabi/10.3.1/../../../../arm-none-eabi/lib/thumb/v6-m/nofp/crt0.o (exit)
c:/st/stm32cubeide_1.10.1/stm32cubeide/plugins/com.st.stm32cube.ide.mcu.externaltools.gnu-tools-for-stm32.10.3-2021.10.win32_1.0.200.202301161003/tools/bin/../lib/gcc/arm-none-eabi/10.3.1/../../../../arm-none-eabi/lib/thumb/v6-m/nofp\libc_nano.a(lib_a-impure.o)
                              c:/st/stm32cubeide_1.10.1/stm32cubeide/plugins/com.st.stm32cube.ide.mcu.externaltools.gnu-tools-for-stm32.10.3-2021.10.win32_1.0.200.202301161003/tools/bin/../lib/gcc/arm-none-eabi/10.3.1/../../../../arm-none-eabi/lib/thumb/v6-m/nofp\libc_nano.a(lib_a-exit.o) (_global_impure_ptr)
c:/st/stm32cubeide_1.10.1/stm32cubeide/plugins/com.st.stm32cube.ide.mcu.externaltools.gnu-tools-for-stm32.10.3-2021.10.win32_1.0.200.202301161003/tools/bin/../lib/gcc/arm-none-eabi/10.3.1/../../../../arm-none-eabi/lib/thumb/v6-m/nofp\libc_nano.a(lib_a-init.o)
                              c:/st/stm32cubeide_1.10.1/stm32cubeide/plugins/com.st.stm32cube.ide.mcu.externaltools.gnu-tools-for-stm32.10.3-2021.10.win32_1.0.200.202301161003/tools/bin/../lib/gcc/arm-none-eabi/10.3.1/../../../../arm-none-eabi/lib/thumb/v6-m/nofp/crt0.o (__libc_init_array)
c:/st/stm32cubeide_1.10.1/stm32cubeide/plugins/com.st.stm32cube.ide.mcu.externaltools.gnu-tools-for-stm32.10.3-2021.10.win32_1.0.200.202301161003/tools/bin/../lib/gcc/arm-none-eabi/10.3.1/../../../../arm-none-eabi/lib/thumb/v6-m/nofp\libc_nano.a(lib_a-memset.o)
                              c:/st/stm32cubeide_1.10.1/stm32cubeide/plugins/com.st.stm32cube.ide.mcu.externaltools.gnu-tools-for-stm32.10.3-2021.10.win32_1.0.200.202301161003/tools/bin/../lib/gcc/arm-none-eabi/10.3.1/../../../../arm-none-eabi/lib/thumb/v6-m/nofp/crt0.o (memset)
c:/st/stm32cubeide_1.10.1/stm32cubeide/plugins/com.st.stm32cube.ide.mcu.externaltools.gnu-tools-for-stm32.10.3-2021.10.win32_1.0.200.202301161003/tools/bin/../lib/gcc/arm-none-eabi/10.3.1/thumb/v6-m/nofp\libgcc.a(_udivsi3.o)
                              ./Core/Src/system_stm32f0xx.o (__aeabi_uidiv)
c:/st/stm32cubeide_1.10.1/stm32cubeide/plugins/com.st.stm32cube.ide.mcu.externaltools.gnu-tools-for-stm32.10.3-2021.10.win32_1.0.200.202301161003/tools/bin/../lib/gcc/arm-none-eabi/10.3.1/thumb/v6-m/nofp\libgcc.a(_dvmd_tls.o)
                              c:/st/stm32cubeide_1.10.1/stm32cubeide/plugins/com.st.stm32cube.ide.mcu.externaltools.gnu-tools-for-stm32.10.3-2021.10.win32_1.0.200.202301161003/tools/bin/../lib/gcc/arm-none-eabi/10.3.1/thumb/v6-m/nofp\libgcc.a(_udivsi3.o) (__aeabi_idiv0)

Discarded input sections

 .text          0x0000000000000000        0x0 c:/st/stm32cubeide_1.10.1/stm32cubeide/plugins/com.st.stm32cube.ide.mcu.externaltools.gnu-tools-for-stm32.10.3-2021.10.win32_1.0.200.202301161003/tools/bin/../lib/gcc/arm-none-eabi/10.3.1/thumb/v6-m/nofp/crti.o
 .data          0x0000000000000000        0x0 c:/st/stm32cubeide_1.10.1/stm32cubeide/plugins/com.st.stm32cube.ide.mcu.externaltools.gnu-tools-for-stm32.10.3-2021.10.win32_1.0.200.202301161003/tools/bin/../lib/gcc/arm-none-eabi/10.3.1/thumb/v6-m/nofp/crti.o
 .bss           0x0000000000000000        0x0 c:/st/stm32cubeide_1.10.1/stm32cubeide/plugins/com.st.stm32cube.ide.mcu.externaltools.gnu-tools-for-stm32.10.3-2021.10.win32_1.0.200.202301161003/tools/bin/../lib/gcc/arm-none-eabi/10.3.1/thumb/v6-m/nofp/crti.o
 .data          0x0000000000000000        0x4 c:/st/stm32cubeide_1.10.1/stm32cubeide/plugins/com.st.stm32cube.ide.mcu.externaltools.gnu-tools-for-stm32.10.3-2021.10.win32_1.0.200.202301161003/tools/bin/../lib/gcc/arm-none-eabi/10.3.1/thumb/v6-m/nofp/crtbegin.o
 .rodata        0x0000000000000000       0x24 c:/st/stm32cubeide_1.10.1/stm32cubeide/plugins/com.st.stm32cube.ide.mcu.externaltools.gnu-tools-for-stm32.10.3-2021.10.win32_1.0.200.202301161003/tools/bin/../lib/gcc/arm-none-eabi/10.3.1/thumb/v6-m/nofp/crtbegin.o
 .text          0x0000000000000000       0x80 c:/st/stm32cubeide_1.10.1/stm32cubeide/plugins/com.st.stm32cube.ide.mcu.externaltools.gnu-tools-for-stm32.10.3-2021.10.win32_1.0.200.202301161003/tools/bin/../lib/gcc/arm-none-eabi/10.3.1/../../../../arm-none-eabi/lib/thumb/v6-m/nofp/crt0.o
[...]
Memory Configuration

Name             Origin             Length             Attributes
RAM              0x0000000020000000 0x0000000000002000 xrw
FLASH            0x0000000008000000 0x0000000000010000 xr
*default*        0x0000000000000000 0xffffffffffffffff

Linker script and memory map

LOAD c:/st/stm32cubeide_1.10.1/stm32cubeide/plugins/com.st.stm32cube.ide.mcu.externaltools.gnu-tools-for-stm32.10.3-2021.10.win32_1.0.200.202301161003/tools/bin/../lib/gcc/arm-none-eabi/10.3.1/thumb/v6-m/nofp/crti.o
LOAD c:/st/stm32cubeide_1.10.1/stm32cubeide/plugins/com.st.stm32cube.ide.mcu.externaltools.gnu-tools-for-stm32.10.3-2021.10.win32_1.0.200.202301161003/tools/bin/../lib/gcc/arm-none-eabi/10.3.1/thumb/v6-m/nofp/crtbegin.o
LOAD c:/st/stm32cubeide_1.10.1/stm32cubeide/plugins/com.st.stm32cube.ide.mcu.externaltools.gnu-tools-for-stm32.10.3-2021.10.win32_1.0.200.202301161003/tools/bin/../lib/gcc/arm-none-eabi/10.3.1/../../../../arm-none-eabi/lib/thumb/v6-m/nofp/crt0.o
LOAD ./Core/Src/Ts.o
LOAD ./Core/Src/main.o
LOAD ./Core/Src/stm32f0xx_hal_msp.o
LOAD ./Core/Src/stm32f0xx_it.o
LOAD ./Core/Src/syscalls.o
LOAD ./Core/Src/sysmem.o
LOAD ./Core/Src/system_stm32f0xx.o
LOAD ./Core/Startup/startup_stm32f030r8tx.o
LOAD ./Drivers/STM32F0xx_HAL_Driver/Src/stm32f0xx_hal.o
LOAD ./Drivers/STM32F0xx_HAL_Driver/Src/stm32f0xx_hal_cortex.o
LOAD ./Drivers/STM32F0xx_HAL_Driver/Src/stm32f0xx_hal_dma.o
LOAD ./Drivers/STM32F0xx_HAL_Driver/Src/stm32f0xx_hal_exti.o
LOAD ./Drivers/STM32F0xx_HAL_Driver/Src/stm32f0xx_hal_flash.o
LOAD ./Drivers/STM32F0xx_HAL_Driver/Src/stm32f0xx_hal_flash_ex.o
LOAD ./Drivers/STM32F0xx_HAL_Driver/Src/stm32f0xx_hal_gpio.o
LOAD ./Drivers/STM32F0xx_HAL_Driver/Src/stm32f0xx_hal_i2c.o
LOAD ./Drivers/STM32F0xx_HAL_Driver/Src/stm32f0xx_hal_i2c_ex.o
LOAD ./Drivers/STM32F0xx_HAL_Driver/Src/stm32f0xx_hal_iwdg.o
LOAD ./Drivers/STM32F0xx_HAL_Driver/Src/stm32f0xx_hal_pwr.o
LOAD ./Drivers/STM32F0xx_HAL_Driver/Src/stm32f0xx_hal_pwr_ex.o
LOAD ./Drivers/STM32F0xx_HAL_Driver/Src/stm32f0xx_hal_rcc.o
LOAD ./Drivers/STM32F0xx_HAL_Driver/Src/stm32f0xx_hal_rcc_ex.o
LOAD ./Drivers/STM32F0xx_HAL_Driver/Src/stm32f0xx_hal_spi.o
LOAD ./Drivers/STM32F0xx_HAL_Driver/Src/stm32f0xx_hal_spi_ex.o
LOAD ./Drivers/STM32F0xx_HAL_Driver/Src/stm32f0xx_hal_tim.o
LOAD ./Drivers/STM32F0xx_HAL_Driver/Src/stm32f0xx_hal_tim_ex.o
START GROUP
LOAD c:/st/stm32cubeide_1.10.1/stm32cubeide/plugins/com.st.stm32cube.ide.mcu.externaltools.gnu-tools-for-stm32.10.3-2021.10.win32_1.0.200.202301161003/tools/bin/../lib/gcc/arm-none-eabi/10.3.1/../../../../arm-none-eabi/lib/thumb/v6-m/nofp\libstdc++_nano.a
LOAD c:/st/stm32cubeide_1.10.1/stm32cubeide/plugins/com.st.stm32cube.ide.mcu.externaltools.gnu-tools-for-stm32.10.3-2021.10.win32_1.0.200.202301161003/tools/bin/../lib/gcc/arm-none-eabi/10.3.1/../../../../arm-none-eabi/lib/thumb/v6-m/nofp\libsupc++_nano.a
END GROUP
LOAD c:/st/stm32cubeide_1.10.1/stm32cubeide/plugins/com.st.stm32cube.ide.mcu.externaltools.gnu-tools-for-stm32.10.3-2021.10.win32_1.0.200.202301161003/tools/bin/../lib/gcc/arm-none-eabi/10.3.1/../../../../arm-none-eabi/lib/thumb/v6-m/nofp\libstdc++_nano.a
LOAD c:/st/stm32cubeide_1.10.1/stm32cubeide/plugins/com.st.stm32cube.ide.mcu.externaltools.gnu-tools-for-stm32.10.3-2021.10.win32_1.0.200.202301161003/tools/bin/../lib/gcc/arm-none-eabi/10.3.1/../../../../arm-none-eabi/lib/thumb/v6-m/nofp\libm.a
LOAD c:/st/stm32cubeide_1.10.1/stm32cubeide/plugins/com.st.stm32cube.ide.mcu.externaltools.gnu-tools-for-stm32.10.3-2021.10.win32_1.0.200.202301161003/tools/bin/../lib/gcc/arm-none-eabi/10.3.1/../../../../arm-none-eabi/lib/thumb/v6-m/nofp\libc_nano.a
START GROUP
LOAD c:/st/stm32cubeide_1.10.1/stm32cubeide/plugins/com.st.stm32cube.ide.mcu.externaltools.gnu-tools-for-stm32.10.3-2021.10.win32_1.0.200.202301161003/tools/bin/../lib/gcc/arm-none-eabi/10.3.1/thumb/v6-m/nofp\libgcc.a
LOAD c:/st/stm32cubeide_1.10.1/stm32cubeide/plugins/com.st.stm32cube.ide.mcu.externaltools.gnu-tools-for-stm32.10.3-2021.10.win32_1.0.200.202301161003/tools/bin/../lib/gcc/arm-none-eabi/10.3.1/../../../../arm-none-eabi/lib/thumb/v6-m/nofp\libc_nano.a
END GROUP
START GROUP
LOAD c:/st/stm32cubeide_1.10.1/stm32cubeide/plugins/com.st.stm32cube.ide.mcu.externaltools.gnu-tools-for-stm32.10.3-2021.10.win32_1.0.200.202301161003/tools/bin/../lib/gcc/arm-none-eabi/10.3.1/thumb/v6-m/nofp\libgcc.a
LOAD c:/st/stm32cubeide_1.10.1/stm32cubeide/plugins/com.st.stm32cube.ide.mcu.externaltools.gnu-tools-for-stm32.10.3-2021.10.win32_1.0.200.202301161003/tools/bin/../lib/gcc/arm-none-eabi/10.3.1/../../../../arm-none-eabi/lib/thumb/v6-m/nofp\libc_nano.a
LOAD c:/st/stm32cubeide_1.10.1/stm32cubeide/plugins/com.st.stm32cube.ide.mcu.externaltools.gnu-tools-for-stm32.10.3-2021.10.win32_1.0.200.202301161003/tools/bin/../lib/gcc/arm-none-eabi/10.3.1/../../../../arm-none-eabi/lib/thumb/v6-m/nofp\libnosys.a
END GROUP
START GROUP
LOAD c:/st/stm32cubeide_1.10.1/stm32cubeide/plugins/com.st.stm32cube.ide.mcu.externaltools.gnu-tools-for-stm32.10.3-2021.10.win32_1.0.200.202301161003/tools/bin/../lib/gcc/arm-none-eabi/10.3.1/thumb/v6-m/nofp\libgcc.a
LOAD c:/st/stm32cubeide_1.10.1/stm32cubeide/plugins/com.st.stm32cube.ide.mcu.externaltools.gnu-tools-for-stm32.10.3-2021.10.win32_1.0.200.202301161003/tools/bin/../lib/gcc/arm-none-eabi/10.3.1/../../../../arm-none-eabi/lib/thumb/v6-m/nofp\libc_nano.a
LOAD c:/st/stm32cubeide_1.10.1/stm32cubeide/plugins/com.st.stm32cube.ide.mcu.externaltools.gnu-tools-for-stm32.10.3-2021.10.win32_1.0.200.202301161003/tools/bin/../lib/gcc/arm-none-eabi/10.3.1/../../../../arm-none-eabi/lib/thumb/v6-m/nofp\libnosys.a
END GROUP
LOAD c:/st/stm32cubeide_1.10.1/stm32cubeide/plugins/com.st.stm32cube.ide.mcu.externaltools.gnu-tools-for-stm32.10.3-2021.10.win32_1.0.200.202301161003/tools/bin/../lib/gcc/arm-none-eabi/10.3.1/thumb/v6-m/nofp/crtend.o
LOAD c:/st/stm32cubeide_1.10.1/stm32cubeide/plugins/com.st.stm32cube.ide.mcu.externaltools.gnu-tools-for-stm32.10.3-2021.10.win32_1.0.200.202301161003/tools/bin/../lib/gcc/arm-none-eabi/10.3.1/thumb/v6-m/nofp/crtn.o
                0x0000000020002000                _estack = (ORIGIN (RAM) + LENGTH (RAM))
                0x0000000000000200                _Min_Heap_Size = 0x200
                0x0000000000000400                _Min_Stack_Size = 0x400

.isr_vector     0x0000000008000000       0xc0
                0x0000000008000000                . = ALIGN (0x4)
 *(.isr_vector)
 .isr_vector    0x0000000008000000       0xc0 ./Core/Startup/startup_stm32f030r8tx.o
                0x0000000008000000                g_pfnVectors
                0x00000000080000c0                . = ALIGN (0x4)

.text           0x00000000080000c0     0x3be4
                0x00000000080000c0                . = ALIGN (0x4)
 *(.text)
 .text          0x00000000080000c0       0x48 c:/st/stm32cubeide_1.10.1/stm32cubeide/plugins/com.st.stm32cube.ide.mcu.externaltools.gnu-tools-for-stm32.10.3-2021.10.win32_1.0.200.202301161003/tools/bin/../lib/gcc/arm-none-eabi/10.3.1/thumb/v6-m/nofp/crtbegin.o
 .text          0x0000000008000108      0x114 c:/st/stm32cubeide_1.10.1/stm32cubeide/plugins/com.st.stm32cube.ide.mcu.externaltools.gnu-tools-for-stm32.10.3-2021.10.win32_1.0.200.202301161003/tools/bin/../lib/gcc/arm-none-eabi/10.3.1/thumb/v6-m/nofp\libgcc.a(_udivsi3.o)
                0x0000000008000108                __aeabi_uidiv
                0x0000000008000108                __udivsi3
                0x0000000008000214                __aeabi_uidivmod
 .text          0x000000000800021c        0x4 c:/st/stm32cubeide_1.10.1/stm32cubeide/plugins/com.st.stm32cube.ide.mcu.externaltools.gnu-tools-for-stm32.10.3-2021.10.win32_1.0.200.202301161003/tools/bin/../lib/gcc/arm-none-eabi/10.3.1/thumb/v6-m/nofp\libgcc.a(_dvmd_tls.o)
                0x000000000800021c                __aeabi_idiv0
                0x000000000800021c                __aeabi_ldiv0
 *(.text*)
 .text._ZN2TsC2Ev
                0x0000000008000220       0x32 ./Core/Src/Ts.o
                0x0000000008000220                Ts::Ts()
                0x0000000008000220                Ts::Ts()
 .text._ZN2Ts3PinC2Ev
                0x0000000008000252       0x20 ./Core/Src/Ts.o
                0x0000000008000252                Ts::Pin::Pin()
                0x0000000008000252                Ts::Pin::Pin()
 .text._ZN2Ts3Pin6setValEP12GPIO_TypeDefh
                0x0000000008000272       0x24 ./Core/Src/Ts.o
                0x0000000008000272                Ts::Pin::setVal(GPIO_TypeDef*, unsigned char)
 .text._ZN2Ts3Pin7getPortEv
                0x0000000008000296       0x14 ./Core/Src/Ts.o
                0x0000000008000296                Ts::Pin::getPort()
 .text._ZN2Ts3Pin6getPinEv
                0x00000000080002aa       0x14 ./Core/Src/Ts.o
                0x00000000080002aa                Ts::Pin::getPin()
 .text._ZN2Ts5setSwEP12GPIO_TypeDefhS1_hS1_hS1_h
                0x00000000080002be       0x62 ./Core/Src/Ts.o
                0x00000000080002be                Ts::setSw(GPIO_TypeDef*, unsigned char, GPIO_TypeDef*, unsigned char, GPIO_TypeDef*, unsigned char, GPIO_TypeDef*, unsigned char)
 .text._ZN2Ts6setOutEP12GPIO_TypeDefh
                0x0000000008000320       0x28 ./Core/Src/Ts.o
                0x0000000008000320                Ts::setOut(GPIO_TypeDef*, unsigned char)
 .text._ZN2Ts9setPinNumEh
                0x0000000008000348       0x20 ./Core/Src/Ts.o
                0x0000000008000348                Ts::setPinNum(unsigned char)
 .text._ZN2Ts6selectEv
                0x0000000008000368      0x4a8 ./Core/Src/Ts.o
                0x0000000008000368                Ts::select()
 .text._ZN2Ts8unSelectEv
                0x0000000008000810      0x4a8 ./Core/Src/Ts.o
                0x0000000008000810                Ts::unSelect()
 .text._ZN2Ts4readEPhh
                0x0000000008000cb8       0x90 ./Core/Src/Ts.o
                0x0000000008000cb8                Ts::read(unsigned char*, unsigned char)
 .text.HAL_SPI_TxRxCpltCallback
                0x0000000008000d48       0x30 ./Core/Src/main.o
                0x0000000008000d48                HAL_SPI_TxRxCpltCallback
 .text.spiProcessing
                0x0000000008000d78      0x144 ./Core/Src/main.o
                0x0000000008000d78                spiProcessing
 .text.HAL_SPI_ErrorCallback
                0x0000000008000ebc       0x78 ./Core/Src/main.o
                0x0000000008000ebc                HAL_SPI_ErrorCallback
 .text.tsInit   0x0000000008000f34      0x284 ./Core/Src/main.o
                0x0000000008000f34                tsInit
 .text.main     0x00000000080011b8       0x44 ./Core/Src/main.o
                0x00000000080011b8                main
 .text._Z18SystemClock_Configv
                0x00000000080011fc       0xaa ./Core/Src/main.o
                0x00000000080011fc                SystemClock_Config()
 *fill*         0x00000000080012a6        0x2 
 .text._ZL12MX_IWDG_Initv
                0x00000000080012a8       0x4c ./Core/Src/main.o
 .text._ZL12MX_SPI2_Initv
                0x00000000080012f4       0x7c ./Core/Src/main.o
 .text._ZL11MX_DMA_Initv
                0x0000000008001370       0x3c ./Core/Src/main.o
 .text._ZL12MX_GPIO_Initv
                0x00000000080013ac      0x1c4 ./Core/Src/main.o
 .text.Error_Handler
                0x0000000008001570        0xa ./Core/Src/main.o
                0x0000000008001570                Error_Handler
 *fill*         0x000000000800157a        0x2 
 .text._Z41__static_initialization_and_destruction_0ii
                0x000000000800157c       0x40 ./Core/Src/main.o
 .text._GLOBAL__sub_I_hiwdg
                0x00000000080015bc       0x18 ./Core/Src/main.o
 .text.HAL_MspInit
                0x00000000080015d4       0x48 ./Core/Src/stm32f0xx_hal_msp.o
                0x00000000080015d4                HAL_MspInit
 .text.HAL_SPI_MspInit
                0x000000000800161c      0x158 ./Core/Src/stm32f0xx_hal_msp.o
                0x000000000800161c                HAL_SPI_MspInit
 .text.NMI_Handler
                0x0000000008001774        0x6 ./Core/Src/stm32f0xx_it.o
                0x0000000008001774                NMI_Handler
 .text.HardFault_Handler
                0x000000000800177a        0x6 ./Core/Src/stm32f0xx_it.o
                0x000000000800177a                HardFault_Handler
 .text.SVC_Handler
                0x0000000008001780        0xa ./Core/Src/stm32f0xx_it.o
                0x0000000008001780                SVC_Handler
 .text.PendSV_Handler
                0x000000000800178a        0xa ./Core/Src/stm32f0xx_it.o
                0x000000000800178a                PendSV_Handler
 .text.SysTick_Handler
                0x0000000008001794        0xe ./Core/Src/stm32f0xx_it.o
                0x0000000008001794                SysTick_Handler
 *fill*         0x00000000080017a2        0x2 
 .text.DMA1_Channel4_5_IRQHandler
                0x00000000080017a4       0x24 ./Core/Src/stm32f0xx_it.o
                0x00000000080017a4                DMA1_Channel4_5_IRQHandler
 .text.SPI2_IRQHandler
                0x00000000080017c8       0x18 ./Core/Src/stm32f0xx_it.o
                0x00000000080017c8                SPI2_IRQHandler
 .text.SystemInit
                0x00000000080017e0        0xa ./Core/Src/system_stm32f0xx.o
                0x00000000080017e0                SystemInit
 *fill*         0x00000000080017ea        0x2 
 .text.Reset_Handler
                0x00000000080017ec       0x50 ./Core/Startup/startup_stm32f030r8tx.o
                0x00000000080017ec                Reset_Handler
 .text.Default_Handler
                0x000000000800183c        0x2 ./Core/Startup/startup_stm32f030r8tx.o
                0x000000000800183c                TIM1_CC_IRQHandler
                0x000000000800183c                TIM6_IRQHandler
                0x000000000800183c                I2C1_IRQHandler
                0x000000000800183c                SPI1_IRQHandler
                0x000000000800183c                EXTI2_3_IRQHandler
                0x000000000800183c                ADC1_IRQHandler
                0x000000000800183c                I2C2_IRQHandler
                0x000000000800183c                TIM17_IRQHandler
                0x000000000800183c                RTC_IRQHandler
                0x000000000800183c                TIM16_IRQHandler
                0x000000000800183c                TIM3_IRQHandler
                0x000000000800183c                EXTI4_15_IRQHandler
                0x000000000800183c                RCC_IRQHandler
                0x000000000800183c                DMA1_Channel1_IRQHandler
                0x000000000800183c                Default_Handler
                0x000000000800183c                TIM14_IRQHandler
                0x000000000800183c                TIM15_IRQHandler
                0x000000000800183c                EXTI0_1_IRQHandler
                0x000000000800183c                WWDG_IRQHandler
                0x000000000800183c                DMA1_Channel2_3_IRQHandler
                0x000000000800183c                USART2_IRQHandler
                0x000000000800183c                FLASH_IRQHandler
                0x000000000800183c                USART1_IRQHandler
                0x000000000800183c                TIM1_BRK_UP_TRG_COM_IRQHandler
 *fill*         0x000000000800183e        0x2 
 .text.HAL_Init
                0x0000000008001840       0x28 ./Drivers/STM32F0xx_HAL_Driver/Src/stm32f0xx_hal.o
                0x0000000008001840                HAL_Init
 .text.HAL_InitTick
                0x0000000008001868       0x68 ./Drivers/STM32F0xx_HAL_Driver/Src/stm32f0xx_hal.o
                0x0000000008001868                HAL_InitTick
 .text.HAL_IncTick
                0x00000000080018d0       0x24 ./Drivers/STM32F0xx_HAL_Driver/Src/stm32f0xx_hal.o
                0x00000000080018d0                HAL_IncTick
 .text.HAL_GetTick
                0x00000000080018f4       0x14 ./Drivers/STM32F0xx_HAL_Driver/Src/stm32f0xx_hal.o
                0x00000000080018f4                HAL_GetTick
 .text.__NVIC_EnableIRQ
                0x0000000008001908       0x34 ./Drivers/STM32F0xx_HAL_Driver/Src/stm32f0xx_hal_cortex.o
 .text.__NVIC_SetPriority
                0x000000000800193c       0xdc ./Drivers/STM32F0xx_HAL_Driver/Src/stm32f0xx_hal_cortex.o
 .text.SysTick_Config
                0x0000000008001a18       0x48 ./Drivers/STM32F0xx_HAL_Driver/Src/stm32f0xx_hal_cortex.o
 .text.HAL_NVIC_SetPriority
                0x0000000008001a60       0x2a ./Drivers/STM32F0xx_HAL_Driver/Src/stm32f0xx_hal_cortex.o
                0x0000000008001a60                HAL_NVIC_SetPriority
 .text.HAL_NVIC_EnableIRQ
                0x0000000008001a8a       0x20 ./Drivers/STM32F0xx_HAL_Driver/Src/stm32f0xx_hal_cortex.o
                0x0000000008001a8a                HAL_NVIC_EnableIRQ
 .text.HAL_SYSTICK_Config
                0x0000000008001aaa       0x1a ./Drivers/STM32F0xx_HAL_Driver/Src/stm32f0xx_hal_cortex.o
                0x0000000008001aaa                HAL_SYSTICK_Config
 .text.HAL_DMA_Init
                0x0000000008001ac4       0x90 ./Drivers/STM32F0xx_HAL_Driver/Src/stm32f0xx_hal_dma.o
                0x0000000008001ac4                HAL_DMA_Init
 .text.HAL_DMA_Start_IT
                0x0000000008001b54       0xcc ./Drivers/STM32F0xx_HAL_Driver/Src/stm32f0xx_hal_dma.o
                0x0000000008001b54                HAL_DMA_Start_IT
 .text.HAL_DMA_Abort
                0x0000000008001c20       0x70 ./Drivers/STM32F0xx_HAL_Driver/Src/stm32f0xx_hal_dma.o
                0x0000000008001c20                HAL_DMA_Abort
 .text.HAL_DMA_Abort_IT
                0x0000000008001c90       0x8a ./Drivers/STM32F0xx_HAL_Driver/Src/stm32f0xx_hal_dma.o
                0x0000000008001c90                HAL_DMA_Abort_IT
 .text.HAL_DMA_IRQHandler
                0x0000000008001d1a      0x144 ./Drivers/STM32F0xx_HAL_Driver/Src/stm32f0xx_hal_dma.o
                0x0000000008001d1a                HAL_DMA_IRQHandler
 .text.DMA_SetConfig
                0x0000000008001e5e       0x58 ./Drivers/STM32F0xx_HAL_Driver/Src/stm32f0xx_hal_dma.o
 *fill*         0x0000000008001eb6        0x2 
 .text.DMA_CalcBaseAndBitshift
                0x0000000008001eb8       0x38 ./Drivers/STM32F0xx_HAL_Driver/Src/stm32f0xx_hal_dma.o
 .text.HAL_GPIO_Init
                0x0000000008001ef0      0x2e0 ./Drivers/STM32F0xx_HAL_Driver/Src/stm32f0xx_hal_gpio.o
                0x0000000008001ef0                HAL_GPIO_Init
 .text.HAL_GPIO_WritePin
                0x00000000080021d0       0x3a ./Drivers/STM32F0xx_HAL_Driver/Src/stm32f0xx_hal_gpio.o
                0x00000000080021d0                HAL_GPIO_WritePin
 *fill*         0x000000000800220a        0x2 
 .text.HAL_IWDG_Init
                0x000000000800220c       0xa4 ./Drivers/STM32F0xx_HAL_Driver/Src/stm32f0xx_hal_iwdg.o
                0x000000000800220c                HAL_IWDG_Init
 .text.HAL_IWDG_Refresh
                0x00000000080022b0       0x20 ./Drivers/STM32F0xx_HAL_Driver/Src/stm32f0xx_hal_iwdg.o
                0x00000000080022b0                HAL_IWDG_Refresh
 .text.HAL_RCC_OscConfig
                0x00000000080022d0      0x634 ./Drivers/STM32F0xx_HAL_Driver/Src/stm32f0xx_hal_rcc.o
                0x00000000080022d0                HAL_RCC_OscConfig
 .text.HAL_RCC_ClockConfig
                0x0000000008002904      0x19c ./Drivers/STM32F0xx_HAL_Driver/Src/stm32f0xx_hal_rcc.o
                0x0000000008002904                HAL_RCC_ClockConfig
 .text.HAL_RCC_GetSysClockFreq
                0x0000000008002aa0       0xac ./Drivers/STM32F0xx_HAL_Driver/Src/stm32f0xx_hal_rcc.o
                0x0000000008002aa0                HAL_RCC_GetSysClockFreq
 .text.HAL_SPI_Init
                0x0000000008002b4c      0x170 ./Drivers/STM32F0xx_HAL_Driver/Src/stm32f0xx_hal_spi.o
                0x0000000008002b4c                HAL_SPI_Init
 .text.HAL_SPI_TransmitReceive_DMA
                0x0000000008002cbc      0x378 ./Drivers/STM32F0xx_HAL_Driver/Src/stm32f0xx_hal_spi.o
                0x0000000008002cbc                HAL_SPI_TransmitReceive_DMA
 .text.HAL_SPI_Abort
                0x0000000008003034      0x244 ./Drivers/STM32F0xx_HAL_Driver/Src/stm32f0xx_hal_spi.o
                0x0000000008003034                HAL_SPI_Abort
 .text.HAL_SPI_IRQHandler
                0x0000000008003278      0x1fc ./Drivers/STM32F0xx_HAL_Driver/Src/stm32f0xx_hal_spi.o
                0x0000000008003278                HAL_SPI_IRQHandler
 .text.HAL_SPI_RxCpltCallback
                0x0000000008003474       0x10 ./Drivers/STM32F0xx_HAL_Driver/Src/stm32f0xx_hal_spi.o
                0x0000000008003474                HAL_SPI_RxCpltCallback
 .text.HAL_SPI_RxHalfCpltCallback
                0x0000000008003484       0x10 ./Drivers/STM32F0xx_HAL_Driver/Src/stm32f0xx_hal_spi.o
                0x0000000008003484                HAL_SPI_RxHalfCpltCallback
 .text.HAL_SPI_TxRxHalfCpltCallback
                0x0000000008003494       0x10 ./Drivers/STM32F0xx_HAL_Driver/Src/stm32f0xx_hal_spi.o
                0x0000000008003494                HAL_SPI_TxRxHalfCpltCallback
 .text.SPI_DMAReceiveCplt
                0x00000000080034a4       0xb0 ./Drivers/STM32F0xx_HAL_Driver/Src/stm32f0xx_hal_spi.o
 .text.SPI_DMATransmitReceiveCplt
                0x0000000008003554       0x96 ./Drivers/STM32F0xx_HAL_Driver/Src/stm32f0xx_hal_spi.o
 .text.SPI_DMAHalfReceiveCplt
                0x00000000080035ea       0x1e ./Drivers/STM32F0xx_HAL_Driver/Src/stm32f0xx_hal_spi.o
 .text.SPI_DMAHalfTransmitReceiveCplt
                0x0000000008003608       0x1e ./Drivers/STM32F0xx_HAL_Driver/Src/stm32f0xx_hal_spi.o
 .text.SPI_DMAError
                0x0000000008003626       0x42 ./Drivers/STM32F0xx_HAL_Driver/Src/stm32f0xx_hal_spi.o
 .text.SPI_DMAAbortOnError
                0x0000000008003668       0x2c ./Drivers/STM32F0xx_HAL_Driver/Src/stm32f0xx_hal_spi.o
 .text.SPI_WaitFlagStateUntilTimeout
                0x0000000008003694      0x11c ./Drivers/STM32F0xx_HAL_Driver/Src/stm32f0xx_hal_spi.o
 .text.SPI_WaitFifoStateUntilTimeout
                0x00000000080037b0      0x144 ./Drivers/STM32F0xx_HAL_Driver/Src/stm32f0xx_hal_spi.o
 .text.SPI_EndRxTransaction
                0x00000000080038f4       0xbc ./Drivers/STM32F0xx_HAL_Driver/Src/stm32f0xx_hal_spi.o
 .text.SPI_EndRxTxTransaction
                0x00000000080039b0       0x8c ./Drivers/STM32F0xx_HAL_Driver/Src/stm32f0xx_hal_spi.o
 .text.SPI_AbortRx_ISR
                0x0000000008003a3c       0xbc ./Drivers/STM32F0xx_HAL_Driver/Src/stm32f0xx_hal_spi.o
 .text.SPI_AbortTx_ISR
                0x0000000008003af8      0x13c ./Drivers/STM32F0xx_HAL_Driver/Src/stm32f0xx_hal_spi.o
 .text.__libc_init_array
                0x0000000008003c34       0x48 c:/st/stm32cubeide_1.10.1/stm32cubeide/plugins/com.st.stm32cube.ide.mcu.externaltools.gnu-tools-for-stm32.10.3-2021.10.win32_1.0.200.202301161003/tools/bin/../lib/gcc/arm-none-eabi/10.3.1/../../../../arm-none-eabi/lib/thumb/v6-m/nofp\libc_nano.a(lib_a-init.o)
                0x0000000008003c34                __libc_init_array
 .text.memset   0x0000000008003c7c       0x10 c:/st/stm32cubeide_1.10.1/stm32cubeide/plugins/com.st.stm32cube.ide.mcu.externaltools.gnu-tools-for-stm32.10.3-2021.10.win32_1.0.200.202301161003/tools/bin/../lib/gcc/arm-none-eabi/10.3.1/../../../../arm-none-eabi/lib/thumb/v6-m/nofp\libc_nano.a(lib_a-memset.o)
                0x0000000008003c7c                memset
 *(.glue_7)
 .glue_7        0x0000000008003c8c        0x0 linker stubs
 *(.glue_7t)
 .glue_7t       0x0000000008003c8c        0x0 linker stubs
 *(.eh_frame)
 .eh_frame      0x0000000008003c8c        0x0 c:/st/stm32cubeide_1.10.1/stm32cubeide/plugins/com.st.stm32cube.ide.mcu.externaltools.gnu-tools-for-stm32.10.3-2021.10.win32_1.0.200.202301161003/tools/bin/../lib/gcc/arm-none-eabi/10.3.1/thumb/v6-m/nofp/crtbegin.o
 *(.init)
 .init          0x0000000008003c8c        0x4 c:/st/stm32cubeide_1.10.1/stm32cubeide/plugins/com.st.stm32cube.ide.mcu.externaltools.gnu-tools-for-stm32.10.3-2021.10.win32_1.0.200.202301161003/tools/bin/../lib/gcc/arm-none-eabi/10.3.1/thumb/v6-m/nofp/crti.o
                0x0000000008003c8c                _init
 .init          0x0000000008003c90        0x8 c:/st/stm32cubeide_1.10.1/stm32cubeide/plugins/com.st.stm32cube.ide.mcu.externaltools.gnu-tools-for-stm32.10.3-2021.10.win32_1.0.200.202301161003/tools/bin/../lib/gcc/arm-none-eabi/10.3.1/thumb/v6-m/nofp/crtn.o
 *(.fini)
 .fini          0x0000000008003c98        0x4 c:/st/stm32cubeide_1.10.1/stm32cubeide/plugins/com.st.stm32cube.ide.mcu.externaltools.gnu-tools-for-stm32.10.3-2021.10.win32_1.0.200.202301161003/tools/bin/../lib/gcc/arm-none-eabi/10.3.1/thumb/v6-m/nofp/crti.o
                0x0000000008003c98                _fini
 .fini          0x0000000008003c9c        0x8 c:/st/stm32cubeide_1.10.1/stm32cubeide/plugins/com.st.stm32cube.ide.mcu.externaltools.gnu-tools-for-stm32.10.3-2021.10.win32_1.0.200.202301161003/tools/bin/../lib/gcc/arm-none-eabi/10.3.1/thumb/v6-m/nofp/crtn.o
                0x0000000008003ca4                . = ALIGN (0x4)
                0x0000000008003ca4                _etext = .

.vfp11_veneer   0x0000000008003ca4        0x0
 .vfp11_veneer  0x0000000008003ca4        0x0 linker stubs

.v4_bx          0x0000000008003ca4        0x0
 .v4_bx         0x0000000008003ca4        0x0 linker stubs

.iplt           0x0000000008003ca4        0x0
 .iplt          0x0000000008003ca4        0x0 c:/st/stm32cubeide_1.10.1/stm32cubeide/plugins/com.st.stm32cube.ide.mcu.externaltools.gnu-tools-for-stm32.10.3-2021.10.win32_1.0.200.202301161003/tools/bin/../lib/gcc/arm-none-eabi/10.3.1/thumb/v6-m/nofp/crtbegin.o

.rodata         0x0000000008003ca4       0xb0
                0x0000000008003ca4                . = ALIGN (0x4)
 *(.rodata)
 *(.rodata*)
 .rodata._ZN2Ts6selectEv
                0x0000000008003ca4       0x40 ./Core/Src/Ts.o
 .rodata._ZN2Ts8unSelectEv
                0x0000000008003ce4       0x40 ./Core/Src/Ts.o
 .rodata.AHBPrescTable
                0x0000000008003d24       0x10 ./Core/Src/system_stm32f0xx.o
                0x0000000008003d24                AHBPrescTable
 .rodata.aPLLMULFactorTable.1
                0x0000000008003d34       0x10 ./Drivers/STM32F0xx_HAL_Driver/Src/stm32f0xx_hal_rcc.o
 .rodata.aPredivFactorTable.0
                0x0000000008003d44       0x10 ./Drivers/STM32F0xx_HAL_Driver/Src/stm32f0xx_hal_rcc.o
                0x0000000008003d54                . = ALIGN (0x4)

.rel.dyn        0x0000000008003d54        0x0
 .rel.iplt      0x0000000008003d54        0x0 c:/st/stm32cubeide_1.10.1/stm32cubeide/plugins/com.st.stm32cube.ide.mcu.externaltools.gnu-tools-for-stm32.10.3-2021.10.win32_1.0.200.202301161003/tools/bin/../lib/gcc/arm-none-eabi/10.3.1/thumb/v6-m/nofp/crtbegin.o

.ARM.extab      0x0000000008003d54        0x0
                0x0000000008003d54                . = ALIGN (0x4)
 *(.ARM.extab* .gnu.linkonce.armextab.*)
                0x0000000008003d54                . = ALIGN (0x4)

.ARM            0x0000000008003d54        0x0
                0x0000000008003d54                . = ALIGN (0x4)
                0x0000000008003d54                __exidx_start = .
 *(.ARM.exidx*)
                0x0000000008003d54                __exidx_end = .
                0x0000000008003d54                . = ALIGN (0x4)

.preinit_array  0x0000000008003d54        0x0
                0x0000000008003d54                . = ALIGN (0x4)
                0x0000000008003d54                PROVIDE (__preinit_array_start = .)
 *(.preinit_array*)
                0x0000000008003d54                PROVIDE (__preinit_array_end = .)
                0x0000000008003d54                . = ALIGN (0x4)

.init_array     0x0000000008003d54        0x8
                0x0000000008003d54                . = ALIGN (0x4)
                0x0000000008003d54                PROVIDE (__init_array_start = .)
 *(SORT_BY_NAME(.init_array.*))
 *(.init_array*)
 .init_array    0x0000000008003d54        0x4 c:/st/stm32cubeide_1.10.1/stm32cubeide/plugins/com.st.stm32cube.ide.mcu.externaltools.gnu-tools-for-stm32.10.3-2021.10.win32_1.0.200.202301161003/tools/bin/../lib/gcc/arm-none-eabi/10.3.1/thumb/v6-m/nofp/crtbegin.o
 .init_array    0x0000000008003d58        0x4 ./Core/Src/main.o
                0x0000000008003d5c                PROVIDE (__init_array_end = .)
                0x0000000008003d5c                . = ALIGN (0x4)

.fini_array     0x0000000008003d5c        0x4
                0x0000000008003d5c                . = ALIGN (0x4)
                [!provide]                        PROVIDE (__fini_array_start = .)
 *(SORT_BY_NAME(.fini_array.*))
 *(.fini_array*)
 .fini_array    0x0000000008003d5c        0x4 c:/st/stm32cubeide_1.10.1/stm32cubeide/plugins/com.st.stm32cube.ide.mcu.externaltools.gnu-tools-for-stm32.10.3-2021.10.win32_1.0.200.202301161003/tools/bin/../lib/gcc/arm-none-eabi/10.3.1/thumb/v6-m/nofp/crtbegin.o
                [!provide]                        PROVIDE (__fini_array_end = .)
                0x0000000008003d60                . = ALIGN (0x4)
                0x0000000008003d60                _sidata = LOADADDR (.data)

.data           0x0000000020000000       0x14 load address 0x0000000008003d60
                0x0000000020000000                . = ALIGN (0x4)
                0x0000000020000000                _sdata = .
 *(.data)
 *(.data*)
 .data.tx       0x0000000020000000        0x6 ./Core/Src/main.o
                0x0000000020000000                tx
 .data.iwdgFlag
                0x0000000020000006        0x1 ./Core/Src/main.o
                0x0000000020000006                iwdgFlag
 *fill*         0x0000000020000007        0x1 
 .data.SystemCoreClock
                0x0000000020000008        0x4 ./Core/Src/system_stm32f0xx.o
                0x0000000020000008                SystemCoreClock
 .data.uwTickPrio
                0x000000002000000c        0x4 ./Drivers/STM32F0xx_HAL_Driver/Src/stm32f0xx_hal.o
                0x000000002000000c                uwTickPrio
 .data.uwTickFreq
                0x0000000020000010        0x1 ./Drivers/STM32F0xx_HAL_Driver/Src/stm32f0xx_hal.o
                0x0000000020000010                uwTickFreq
 *(.RamFunc)
 *(.RamFunc*)
                0x0000000020000014                . = ALIGN (0x4)
 *fill*         0x0000000020000011        0x3 
                0x0000000020000014                _edata = .

.igot.plt       0x0000000020000014        0x0 load address 0x0000000008003d74
 .igot.plt      0x0000000020000014        0x0 c:/st/stm32cubeide_1.10.1/stm32cubeide/plugins/com.st.stm32cube.ide.mcu.externaltools.gnu-tools-for-stm32.10.3-2021.10.win32_1.0.200.202301161003/tools/bin/../lib/gcc/arm-none-eabi/10.3.1/thumb/v6-m/nofp/crtbegin.o
                0x0000000020000014                . = ALIGN (0x4)

.bss            0x0000000020000014      0x6a4 load address 0x0000000008003d74
                0x0000000020000014                _sbss = .
                0x0000000020000014                __bss_start__ = _sbss
 *(.bss)
 .bss           0x0000000020000014       0x1c c:/st/stm32cubeide_1.10.1/stm32cubeide/plugins/com.st.stm32cube.ide.mcu.externaltools.gnu-tools-for-stm32.10.3-2021.10.win32_1.0.200.202301161003/tools/bin/../lib/gcc/arm-none-eabi/10.3.1/thumb/v6-m/nofp/crtbegin.o
 *(.bss*)
 .bss.hiwdg     0x0000000020000030       0x10 ./Core/Src/main.o
                0x0000000020000030                hiwdg
 .bss.hspi2     0x0000000020000040       0x64 ./Core/Src/main.o
                0x0000000020000040                hspi2
 .bss.hdma_spi2_rx
                0x00000000200000a4       0x44 ./Core/Src/main.o
                0x00000000200000a4                hdma_spi2_rx
 .bss.hdma_spi2_tx
                0x00000000200000e8       0x44 ./Core/Src/main.o
                0x00000000200000e8                hdma_spi2_tx
 .bss.rx        0x000000002000012c        0x6 ./Core/Src/main.o
                0x000000002000012c                rx
 .bss.spiState  0x0000000020000132        0x1 ./Core/Src/main.o
                0x0000000020000132                spiState
 *fill*         0x0000000020000133        0x1 
 .bss.ts        0x0000000020000134      0x580 ./Core/Src/main.o
                0x0000000020000134                ts
 .bss.uwTick    0x00000000200006b4        0x4 ./Drivers/STM32F0xx_HAL_Driver/Src/stm32f0xx_hal.o
                0x00000000200006b4                uwTick
 *(COMMON)
                0x00000000200006b8                . = ALIGN (0x4)
                0x00000000200006b8                _ebss = .
                0x00000000200006b8                __bss_end__ = _ebss

._user_heap_stack
                0x00000000200006b8      0x600 load address 0x0000000008003d74
                0x00000000200006b8                . = ALIGN (0x8)
                [!provide]                        PROVIDE (end = .)
                0x00000000200006b8                PROVIDE (_end = .)
                0x00000000200008b8                . = (. + _Min_Heap_Size)
 *fill*         0x00000000200006b8      0x200 
                0x0000000020000cb8                . = (. + _Min_Stack_Size)
 *fill*         0x00000000200008b8      0x400 
                0x0000000020000cb8                . = ALIGN (0x8)

/DISCARD/
 libc.a(*)
 libm.a(*)
 libgcc.a(*)

.ARM.attributes
                0x0000000000000000       0x28
 *(.ARM.attributes)
 .ARM.attributes
                0x0000000000000000       0x1e c:/st/stm32cubeide_1.10.1/stm32cubeide/plugins/com.st.stm32cube.ide.mcu.externaltools.gnu-tools-for-stm32.10.3-2021.10.win32_1.0.200.202301161003/tools/bin/../lib/gcc/arm-none-eabi/10.3.1/thumb/v6-m/nofp/crti.o
 .ARM.attributes
                0x000000000000001e       0x2c c:/st/stm32cubeide_1.10.1/stm32cubeide/plugins/com.st.stm32cube.ide.mcu.externaltools.gnu-tools-for-stm32.10.3-2021.10.win32_1.0.200.202301161003/tools/bin/../lib/gcc/arm-none-eabi/10.3.1/thumb/v6-m/nofp/crtbegin.o
 .ARM.attributes
                0x000000000000004a       0x2c ./Core/Src/Ts.o
 .ARM.attributes
                0x0000000000000076       0x2c ./Core/Src/main.o
 .ARM.attributes
                0x00000000000000a2       0x2c ./Core/Src/stm32f0xx_hal_msp.o
 .ARM.attributes
                0x00000000000000ce       0x2c ./Core/Src/stm32f0xx_it.o
 .ARM.attributes
                0x00000000000000fa       0x2c ./Core/Src/system_stm32f0xx.o
 .ARM.attributes
                0x0000000000000126       0x21 ./Core/Startup/startup_stm32f030r8tx.o
 .ARM.attributes
                0x0000000000000147       0x2c ./Drivers/STM32F0xx_HAL_Driver/Src/stm32f0xx_hal.o
 .ARM.attributes
                0x0000000000000173       0x2c ./Drivers/STM32F0xx_HAL_Driver/Src/stm32f0xx_hal_cortex.o
 .ARM.attributes
                0x000000000000019f       0x2c ./Drivers/STM32F0xx_HAL_Driver/Src/stm32f0xx_hal_dma.o
 .ARM.attributes
                0x00000000000001cb       0x2c ./Drivers/STM32F0xx_HAL_Driver/Src/stm32f0xx_hal_gpio.o
 .ARM.attributes
                0x00000000000001f7       0x2c ./Drivers/STM32F0xx_HAL_Driver/Src/stm32f0xx_hal_iwdg.o
 .ARM.attributes
                0x0000000000000223       0x2c ./Drivers/STM32F0xx_HAL_Driver/Src/stm32f0xx_hal_rcc.o
 .ARM.attributes
                0x000000000000024f       0x2c ./Drivers/STM32F0xx_HAL_Driver/Src/stm32f0xx_hal_spi.o
 .ARM.attributes
                0x000000000000027b       0x2c c:/st/stm32cubeide_1.10.1/stm32cubeide/plugins/com.st.stm32cube.ide.mcu.externaltools.gnu-tools-for-stm32.10.3-2021.10.win32_1.0.200.202301161003/tools/bin/../lib/gcc/arm-none-eabi/10.3.1/../../../../arm-none-eabi/lib/thumb/v6-m/nofp\libc_nano.a(lib_a-init.o)
 .ARM.attributes
                0x00000000000002a7       0x2c c:/st/stm32cubeide_1.10.1/stm32cubeide/plugins/com.st.stm32cube.ide.mcu.externaltools.gnu-tools-for-stm32.10.3-2021.10.win32_1.0.200.202301161003/tools/bin/../lib/gcc/arm-none-eabi/10.3.1/../../../../arm-none-eabi/lib/thumb/v6-m/nofp\libc_nano.a(lib_a-memset.o)
 .ARM.attributes
                0x00000000000002d3       0x1e c:/st/stm32cubeide_1.10.1/stm32cubeide/plugins/com.st.stm32cube.ide.mcu.externaltools.gnu-tools-for-stm32.10.3-2021.10.win32_1.0.200.202301161003/tools/bin/../lib/gcc/arm-none-eabi/10.3.1/thumb/v6-m/nofp\libgcc.a(_udivsi3.o)
 .ARM.attributes
                0x00000000000002f1       0x1e c:/st/stm32cubeide_1.10.1/stm32cubeide/plugins/com.st.stm32cube.ide.mcu.externaltools.gnu-tools-for-stm32.10.3-2021.10.win32_1.0.200.202301161003/tools/bin/../lib/gcc/arm-none-eabi/10.3.1/thumb/v6-m/nofp\libgcc.a(_dvmd_tls.o)
 .ARM.attributes
                0x000000000000030f       0x1e c:/st/stm32cubeide_1.10.1/stm32cubeide/plugins/com.st.stm32cube.ide.mcu.externaltools.gnu-tools-for-stm32.10.3-2021.10.win32_1.0.200.202301161003/tools/bin/../lib/gcc/arm-none-eabi/10.3.1/thumb/v6-m/nofp/crtn.o
OUTPUT(ts_rev2.elf elf32-littlearm)
LOAD linker stubs
LOAD c:/st/stm32cubeide_1.10.1/stm32cubeide/plugins/com.st.stm32cube.ide.mcu.externaltools.gnu-tools-for-stm32.10.3-2021.10.win32_1.0.200.202301161003/tools/bin/../lib/gcc/arm-none-eabi/10.3.1/../../../../arm-none-eabi/lib/thumb/v6-m/nofp\libc.a
LOAD c:/st/stm32cubeide_1.10.1/stm32cubeide/plugins/com.st.stm32cube.ide.mcu.externaltools.gnu-tools-for-stm32.10.3-2021.10.win32_1.0.200.202301161003/tools/bin/../lib/gcc/arm-none-eabi/10.3.1/../../../../arm-none-eabi/lib/thumb/v6-m/nofp\libm.a
LOAD c:/st/stm32cubeide_1.10.1/stm32cubeide/plugins/com.st.stm32cube.ide.mcu.externaltools.gnu-tools-for-stm32.10.3-2021.10.win32_1.0.200.202301161003/tools/bin/../lib/gcc/arm-none-eabi/10.3.1/thumb/v6-m/nofp\libgcc.a

.debug_info     0x0000000000000000     0x69bc
 .debug_info    0x0000000000000000      0x66a ./Core/Src/Ts.o
 .debug_info    0x000000000000066a     0x1324 ./Core/Src/main.o
 .debug_info    0x000000000000198e      0xa21 ./Core/Src/stm32f0xx_hal_msp.o
 .debug_info    0x00000000000023af      0x66d ./Core/Src/stm32f0xx_it.o
 .debug_info    0x0000000000002a1c      0x269 ./Core/Src/system_stm32f0xx.o
 .debug_info    0x0000000000002c85       0x22 ./Core/Startup/startup_stm32f030r8tx.o
 .debug_info    0x0000000000002ca7      0x6bb ./Drivers/STM32F0xx_HAL_Driver/Src/stm32f0xx_hal.o
 .debug_info    0x0000000000003362      0x6f9 ./Drivers/STM32F0xx_HAL_Driver/Src/stm32f0xx_hal_cortex.o
 .debug_info    0x0000000000003a5b      0x752 ./Drivers/STM32F0xx_HAL_Driver/Src/stm32f0xx_hal_dma.o
 .debug_info    0x00000000000041ad      0x611 ./Drivers/STM32F0xx_HAL_Driver/Src/stm32f0xx_hal_gpio.o
 .debug_info    0x00000000000047be      0x209 ./Drivers/STM32F0xx_HAL_Driver/Src/stm32f0xx_hal_iwdg.o
 .debug_info    0x00000000000049c7      0x88c ./Drivers/STM32F0xx_HAL_Driver/Src/stm32f0xx_hal_rcc.o
 .debug_info    0x0000000000005253     0x1769 ./Drivers/STM32F0xx_HAL_Driver/Src/stm32f0xx_hal_spi.o

.debug_abbrev   0x0000000000000000     0x18de
 .debug_abbrev  0x0000000000000000      0x1dc ./Core/Src/Ts.o
 .debug_abbrev  0x00000000000001dc      0x3f4 ./Core/Src/main.o
 .debug_abbrev  0x00000000000005d0      0x1ef ./Core/Src/stm32f0xx_hal_msp.o
 .debug_abbrev  0x00000000000007bf      0x170 ./Core/Src/stm32f0xx_it.o
 .debug_abbrev  0x000000000000092f      0x116 ./Core/Src/system_stm32f0xx.o
 .debug_abbrev  0x0000000000000a45       0x12 ./Core/Startup/startup_stm32f030r8tx.o
 .debug_abbrev  0x0000000000000a57      0x23f ./Drivers/STM32F0xx_HAL_Driver/Src/stm32f0xx_hal.o
 .debug_abbrev  0x0000000000000c96      0x283 ./Drivers/STM32F0xx_HAL_Driver/Src/stm32f0xx_hal_cortex.o
 .debug_abbrev  0x0000000000000f19      0x1e9 ./Drivers/STM32F0xx_HAL_Driver/Src/stm32f0xx_hal_dma.o
 .debug_abbrev  0x0000000000001102      0x1bb ./Drivers/STM32F0xx_HAL_Driver/Src/stm32f0xx_hal_gpio.o
 .debug_abbrev  0x00000000000012bd      0x14a ./Drivers/STM32F0xx_HAL_Driver/Src/stm32f0xx_hal_iwdg.o
 .debug_abbrev  0x0000000000001407      0x283 ./Drivers/STM32F0xx_HAL_Driver/Src/stm32f0xx_hal_rcc.o
 .debug_abbrev  0x000000000000168a      0x254 ./Drivers/STM32F0xx_HAL_Driver/Src/stm32f0xx_hal_spi.o

.debug_aranges  0x0000000000000000      0x6c0
 .debug_aranges
                0x0000000000000000       0x78 ./Core/Src/Ts.o
 .debug_aranges
                0x0000000000000078       0x88 ./Core/Src/main.o
 .debug_aranges
                0x0000000000000100       0x30 ./Core/Src/stm32f0xx_hal_msp.o
 .debug_aranges
                0x0000000000000130       0x50 ./Core/Src/stm32f0xx_it.o
 .debug_aranges
                0x0000000000000180       0x28 ./Core/Src/system_stm32f0xx.o
 .debug_aranges
                0x00000000000001a8       0x28 ./Core/Startup/startup_stm32f030r8tx.o
 .debug_aranges
                0x00000000000001d0       0xd0 ./Drivers/STM32F0xx_HAL_Driver/Src/stm32f0xx_hal.o
 .debug_aranges
                0x00000000000002a0       0xc0 ./Drivers/STM32F0xx_HAL_Driver/Src/stm32f0xx_hal_cortex.o
 .debug_aranges
                0x0000000000000360       0x88 ./Drivers/STM32F0xx_HAL_Driver/Src/stm32f0xx_hal_dma.o
 .debug_aranges
                0x00000000000003e8       0x58 ./Drivers/STM32F0xx_HAL_Driver/Src/stm32f0xx_hal_gpio.o
 .debug_aranges
                0x0000000000000440       0x28 ./Drivers/STM32F0xx_HAL_Driver/Src/stm32f0xx_hal_iwdg.o
 .debug_aranges
                0x0000000000000468       0x80 ./Drivers/STM32F0xx_HAL_Driver/Src/stm32f0xx_hal_rcc.o
 .debug_aranges
                0x00000000000004e8      0x1d8 ./Drivers/STM32F0xx_HAL_Driver/Src/stm32f0xx_hal_spi.o

.debug_ranges   0x0000000000000000      0x5f8
 .debug_ranges  0x0000000000000000       0x68 ./Core/Src/Ts.o
 .debug_ranges  0x0000000000000068       0x78 ./Core/Src/main.o
 .debug_ranges  0x00000000000000e0       0x20 ./Core/Src/stm32f0xx_hal_msp.o
 .debug_ranges  0x0000000000000100       0x40 ./Core/Src/stm32f0xx_it.o
 .debug_ranges  0x0000000000000140       0x18 ./Core/Src/system_stm32f0xx.o
 .debug_ranges  0x0000000000000158       0x20 ./Core/Startup/startup_stm32f030r8tx.o
 .debug_ranges  0x0000000000000178       0xc0 ./Drivers/STM32F0xx_HAL_Driver/Src/stm32f0xx_hal.o
 .debug_ranges  0x0000000000000238       0xb0 ./Drivers/STM32F0xx_HAL_Driver/Src/stm32f0xx_hal_cortex.o
 .debug_ranges  0x00000000000002e8       0x78 ./Drivers/STM32F0xx_HAL_Driver/Src/stm32f0xx_hal_dma.o
 .debug_ranges  0x0000000000000360       0x48 ./Drivers/STM32F0xx_HAL_Driver/Src/stm32f0xx_hal_gpio.o
 .debug_ranges  0x00000000000003a8       0x18 ./Drivers/STM32F0xx_HAL_Driver/Src/stm32f0xx_hal_iwdg.o
 .debug_ranges  0x00000000000003c0       0x70 ./Drivers/STM32F0xx_HAL_Driver/Src/stm32f0xx_hal_rcc.o
 .debug_ranges  0x0000000000000430      0x1c8 ./Drivers/STM32F0xx_HAL_Driver/Src/stm32f0xx_hal_spi.o

.debug_macro    0x0000000000000000     0xfc70
 .debug_macro   0x0000000000000000      0x1d6 ./Core/Src/Ts.o
 .debug_macro   0x00000000000001d6      0xb26 ./Core/Src/Ts.o
 .debug_macro   0x0000000000000cfc      0x133 ./Core/Src/Ts.o
 .debug_macro   0x0000000000000e2f       0x2e ./Core/Src/Ts.o
 .debug_macro   0x0000000000000e5d       0x22 ./Core/Src/Ts.o
 .debug_macro   0x0000000000000e7f       0x1c ./Core/Src/Ts.o
 .debug_macro   0x0000000000000e9b       0x22 ./Core/Src/Ts.o
 .debug_macro   0x0000000000000ebd       0x8e ./Core/Src/Ts.o
 .debug_macro   0x0000000000000f4b       0x51 ./Core/Src/Ts.o
 .debug_macro   0x0000000000000f9c      0x103 ./Core/Src/Ts.o
 .debug_macro   0x000000000000109f       0x6a ./Core/Src/Ts.o
 .debug_macro   0x0000000000001109      0x1df ./Core/Src/Ts.o
 .debug_macro   0x00000000000012e8       0x1c ./Core/Src/Ts.o
 .debug_macro   0x0000000000001304       0x22 ./Core/Src/Ts.o
 .debug_macro   0x0000000000001326       0xaf ./Core/Src/Ts.o
 .debug_macro   0x00000000000013d5      0x391 ./Core/Src/Ts.o
 .debug_macro   0x0000000000001766     0x6f47 ./Core/Src/Ts.o
 .debug_macro   0x00000000000086ad       0x66 ./Core/Src/Ts.o
 .debug_macro   0x0000000000008713     0x34be ./Core/Src/Ts.o
 .debug_macro   0x000000000000bbd1      0x17b ./Core/Src/Ts.o
 .debug_macro   0x000000000000bd4c       0x55 ./Core/Src/Ts.o
 .debug_macro   0x000000000000bda1      0x924 ./Core/Src/Ts.o
 .debug_macro   0x000000000000c6c5      0x17f ./Core/Src/Ts.o
 .debug_macro   0x000000000000c844      0x1ae ./Core/Src/Ts.o
 .debug_macro   0x000000000000c9f2       0xd8 ./Core/Src/Ts.o
 .debug_macro   0x000000000000caca      0x1a0 ./Core/Src/Ts.o
 .debug_macro   0x000000000000cc6a      0x1ed ./Core/Src/Ts.o
 .debug_macro   0x000000000000ce57       0x34 ./Core/Src/Ts.o
 .debug_macro   0x000000000000ce8b       0x43 ./Core/Src/Ts.o
 .debug_macro   0x000000000000cece       0x28 ./Core/Src/Ts.o
 .debug_macro   0x000000000000cef6       0xb0 ./Core/Src/Ts.o
 .debug_macro   0x000000000000cfa6      0x199 ./Core/Src/Ts.o
 .debug_macro   0x000000000000d13f      0x22c ./Core/Src/Ts.o
 .debug_macro   0x000000000000d36b       0x61 ./Core/Src/Ts.o
 .debug_macro   0x000000000000d3cc       0xa5 ./Core/Src/Ts.o
 .debug_macro   0x000000000000d471       0x85 ./Core/Src/Ts.o
 .debug_macro   0x000000000000d4f6       0x4c ./Core/Src/Ts.o
 .debug_macro   0x000000000000d542       0x2b ./Core/Src/Ts.o
 .debug_macro   0x000000000000d56d      0x2fe ./Core/Src/Ts.o
 .debug_macro   0x000000000000d86b       0xff ./Core/Src/Ts.o
 .debug_macro   0x000000000000d96a       0x1c ./Core/Src/Ts.o
 .debug_macro   0x000000000000d986      0x1ec ./Core/Src/main.o
 .debug_macro   0x000000000000db72      0x1c7 ./Core/Src/stm32f0xx_hal_msp.o
 .debug_macro   0x000000000000dd39      0xa4e ./Core/Src/stm32f0xx_hal_msp.o
 .debug_macro   0x000000000000e787      0x391 ./Core/Src/stm32f0xx_hal_msp.o
 .debug_macro   0x000000000000eb18      0x174 ./Core/Src/stm32f0xx_hal_msp.o
 .debug_macro   0x000000000000ec8c      0x1d1 ./Core/Src/stm32f0xx_it.o
 .debug_macro   0x000000000000ee5d      0x1b8 ./Core/Src/system_stm32f0xx.o
 .debug_macro   0x000000000000f015      0x1dc ./Drivers/STM32F0xx_HAL_Driver/Src/stm32f0xx_hal.o
 .debug_macro   0x000000000000f1f1      0x1b8 ./Drivers/STM32F0xx_HAL_Driver/Src/stm32f0xx_hal_cortex.o
 .debug_macro   0x000000000000f3a9      0x1b8 ./Drivers/STM32F0xx_HAL_Driver/Src/stm32f0xx_hal_dma.o
 .debug_macro   0x000000000000f561      0x1bf ./Drivers/STM32F0xx_HAL_Driver/Src/stm32f0xx_hal_gpio.o
 .debug_macro   0x000000000000f720      0x1c6 ./Drivers/STM32F0xx_HAL_Driver/Src/stm32f0xx_hal_iwdg.o
 .debug_macro   0x000000000000f8e6      0x1ca ./Drivers/STM32F0xx_HAL_Driver/Src/stm32f0xx_hal_rcc.o
 .debug_macro   0x000000000000fab0      0x1c0 ./Drivers/STM32F0xx_HAL_Driver/Src/stm32f0xx_hal_spi.o

.debug_line     0x0000000000000000     0x8a02
 .debug_line    0x0000000000000000      0xc24 ./Core/Src/Ts.o
 .debug_line    0x0000000000000c24      0xa1b ./Core/Src/main.o
 .debug_line    0x000000000000163f      0x75b ./Core/Src/stm32f0xx_hal_msp.o
 .debug_line    0x0000000000001d9a      0x75a ./Core/Src/stm32f0xx_it.o
 .debug_line    0x00000000000024f4      0x734 ./Core/Src/system_stm32f0xx.o
 .debug_line    0x0000000000002c28       0x89 ./Core/Startup/startup_stm32f030r8tx.o
 .debug_line    0x0000000000002cb1      0x93f ./Drivers/STM32F0xx_HAL_Driver/Src/stm32f0xx_hal.o
 .debug_line    0x00000000000035f0      0x9eb ./Drivers/STM32F0xx_HAL_Driver/Src/stm32f0xx_hal_cortex.o
 .debug_line    0x0000000000003fdb      0xc63 ./Drivers/STM32F0xx_HAL_Driver/Src/stm32f0xx_hal_dma.o
 .debug_line    0x0000000000004c3e      0xaba ./Drivers/STM32F0xx_HAL_Driver/Src/stm32f0xx_hal_gpio.o
 .debug_line    0x00000000000056f8      0x750 ./Drivers/STM32F0xx_HAL_Driver/Src/stm32f0xx_hal_iwdg.o
 .debug_line    0x0000000000005e48      0xd27 ./Drivers/STM32F0xx_HAL_Driver/Src/stm32f0xx_hal_rcc.o
 .debug_line    0x0000000000006b6f     0x1e93 ./Drivers/STM32F0xx_HAL_Driver/Src/stm32f0xx_hal_spi.o

.debug_str      0x0000000000000000    0x57f08
 .debug_str     0x0000000000000000    0x560fc ./Core/Src/Ts.o
                                      0x56371 (size before relaxing)
 .debug_str     0x00000000000560fc      0xa56 ./Core/Src/main.o
                                      0x56ff2 (size before relaxing)
 .debug_str     0x0000000000056b52      0x27d ./Core/Src/stm32f0xx_hal_msp.o
                                      0x56422 (size before relaxing)
 .debug_str     0x0000000000056dcf       0xb8 ./Core/Src/stm32f0xx_it.o
                                      0x5619c (size before relaxing)
 .debug_str     0x0000000000056e87       0x8b ./Core/Src/system_stm32f0xx.o
                                      0x55d49 (size before relaxing)
 .debug_str     0x0000000000056f12       0x36 ./Core/Startup/startup_stm32f030r8tx.o
                                         0x75 (size before relaxing)
 .debug_str     0x0000000000056f48      0x316 ./Drivers/STM32F0xx_HAL_Driver/Src/stm32f0xx_hal.o
                                      0x562dd (size before relaxing)
 .debug_str     0x000000000005725e      0x1a2 ./Drivers/STM32F0xx_HAL_Driver/Src/stm32f0xx_hal_cortex.o
                                      0x560ce (size before relaxing)
 .debug_str     0x0000000000057400      0x223 ./Drivers/STM32F0xx_HAL_Driver/Src/stm32f0xx_hal_dma.o
                                      0x560ef (size before relaxing)
 .debug_str     0x0000000000057623      0x113 ./Drivers/STM32F0xx_HAL_Driver/Src/stm32f0xx_hal_gpio.o
                                      0x55eea (size before relaxing)
 .debug_str     0x0000000000057736       0xe2 ./Drivers/STM32F0xx_HAL_Driver/Src/stm32f0xx_hal_iwdg.o
                                      0x55e0a (size before relaxing)
 .debug_str     0x0000000000057818      0x20f ./Drivers/STM32F0xx_HAL_Driver/Src/stm32f0xx_hal_rcc.o
                                      0x56185 (size before relaxing)
 .debug_str     0x0000000000057a27      0x4e1 ./Drivers/STM32F0xx_HAL_Driver/Src/stm32f0xx_hal_spi.o
                                      0x566b3 (size before relaxing)

.comment        0x0000000000000000       0x50
 .comment       0x0000000000000000       0x50 ./Core/Src/Ts.o
                                         0x51 (size before relaxing)
 .comment       0x0000000000000050       0x51 ./Core/Src/main.o
 .comment       0x0000000000000050       0x51 ./Core/Src/stm32f0xx_hal_msp.o
 .comment       0x0000000000000050       0x51 ./Core/Src/stm32f0xx_it.o
 .comment       0x0000000000000050       0x51 ./Core/Src/system_stm32f0xx.o
 .comment       0x0000000000000050       0x51 ./Drivers/STM32F0xx_HAL_Driver/Src/stm32f0xx_hal.o
 .comment       0x0000000000000050       0x51 ./Drivers/STM32F0xx_HAL_Driver/Src/stm32f0xx_hal_cortex.o
 .comment       0x0000000000000050       0x51 ./Drivers/STM32F0xx_HAL_Driver/Src/stm32f0xx_hal_dma.o
 .comment       0x0000000000000050       0x51 ./Drivers/STM32F0xx_HAL_Driver/Src/stm32f0xx_hal_gpio.o
 .comment       0x0000000000000050       0x51 ./Drivers/STM32F0xx_HAL_Driver/Src/stm32f0xx_hal_iwdg.o
 .comment       0x0000000000000050       0x51 ./Drivers/STM32F0xx_HAL_Driver/Src/stm32f0xx_hal_rcc.o
 .comment       0x0000000000000050       0x51 ./Drivers/STM32F0xx_HAL_Driver/Src/stm32f0xx_hal_spi.o

.debug_frame    0x0000000000000000     0x166c
 .debug_frame   0x0000000000000000      0x194 ./Core/Src/Ts.o
 .debug_frame   0x0000000000000194      0x1c0 ./Core/Src/main.o
 .debug_frame   0x0000000000000354       0x70 ./Core/Src/stm32f0xx_hal_msp.o
 .debug_frame   0x00000000000003c4       0xd4 ./Core/Src/stm32f0xx_it.o
 .debug_frame   0x0000000000000498       0x4c ./Core/Src/system_stm32f0xx.o
 .debug_frame   0x00000000000004e4      0x2a4 ./Drivers/STM32F0xx_HAL_Driver/Src/stm32f0xx_hal.o
 .debug_frame   0x0000000000000788      0x2a0 ./Drivers/STM32F0xx_HAL_Driver/Src/stm32f0xx_hal_cortex.o
 .debug_frame   0x0000000000000a28      0x1d0 ./Drivers/STM32F0xx_HAL_Driver/Src/stm32f0xx_hal_dma.o
 .debug_frame   0x0000000000000bf8      0x110 ./Drivers/STM32F0xx_HAL_Driver/Src/stm32f0xx_hal_gpio.o
 .debug_frame   0x0000000000000d08       0x50 ./Drivers/STM32F0xx_HAL_Driver/Src/stm32f0xx_hal_iwdg.o
 .debug_frame   0x0000000000000d58      0x198 ./Drivers/STM32F0xx_HAL_Driver/Src/stm32f0xx_hal_rcc.o
 .debug_frame   0x0000000000000ef0      0x710 ./Drivers/STM32F0xx_HAL_Driver/Src/stm32f0xx_hal_spi.o
 .debug_frame   0x0000000000001600       0x2c c:/st/stm32cubeide_1.10.1/stm32cubeide/plugins/com.st.stm32cube.ide.mcu.externaltools.gnu-tools-for-stm32.10.3-2021.10.win32_1.0.200.202301161003/tools/bin/../lib/gcc/arm-none-eabi/10.3.1/../../../../arm-none-eabi/lib/thumb/v6-m/nofp\libc_nano.a(lib_a-init.o)
 .debug_frame   0x000000000000162c       0x20 c:/st/stm32cubeide_1.10.1/stm32cubeide/plugins/com.st.stm32cube.ide.mcu.externaltools.gnu-tools-for-stm32.10.3-2021.10.win32_1.0.200.202301161003/tools/bin/../lib/gcc/arm-none-eabi/10.3.1/../../../../arm-none-eabi/lib/thumb/v6-m/nofp\libc_nano.a(lib_a-memset.o)
 .debug_frame   0x000000000000164c       0x20 c:/st/stm32cubeide_1.10.1/stm32cubeide/plugins/com.st.stm32cube.ide.mcu.externaltools.gnu-tools-for-stm32.10.3-2021.10.win32_1.0.200.202301161003/tools/bin/../lib/gcc/arm-none-eabi/10.3.1/thumb/v6-m/nofp\libgcc.a(_udivsi3.o)
